// Jest Snapshot v1, https://goo.gl/fbAQLP

exports[`App should show hello world 1`] = `
<View
  style={
    Object {
      "backgroundColor": "#ffffff",
    }
  }
  testID="body"
>
  <View
    style={
      Object {
        "marginTop": 32,
        "paddingHorizontal": 24,
      }
    }
  >
    <Text
      style={
        Array [
          Object {
            "color": "#000000",
            "fontFamily": "System",
            "fontWeight": "400",
          },
          Object {
            "textAlign": "left",
          },
          Object {
            "color": "#000000",
            "fontSize": 24,
            "fontWeight": "600",
          },
        ]
      }
    >
      Hello World!
    </Text>
  </View>
  <View
    accessibilityLabel="Press me"
    accessibilityRole="button"
    accessibilityState={Object {}}
    accessible={true}
    focusable={true}
    onClick={[Function]}
    onResponderGrant={[Function]}
    onResponderMove={[Function]}
    onResponderRelease={[Function]}
    onResponderTerminate={[Function]}
    onResponderTerminationRequest={[Function]}
    onStartShouldSetResponder={[Function]}
    style={
      Object {
        "opacity": 1,
      }
    }
    testID="pressMeButton"
  >
    <View
      style={
        Array [
          Object {},
        ]
      }
    >
      <Text
        style={
          Array [
            Object {
              "color": "#007AFF",
              "fontSize": 18,
              "margin": 8,
              "textAlign": "center",
            },
          ]
        }
      >
        Press me!
      </Text>
    </View>
  </View>
</View>
`;
